// Jest Snapshot v1, https://goo.gl/fbAQLP

exports[`Abbreviation renders 1`] = `
<div
  className="abbreviation undefined"
>
  sc
</div>
`;
